<html>
<body>
<pre>
<h1>礦ision Build Log</h1>
<h2>Tool Versions:</h2>
IDE-Version: μVision V5.14.0.0
Copyright (C) 2015 ARM Ltd and ARM Germany GmbH. All rights reserved.
License Information: francis francis, francis team, LIC=Y2BNN-YEMPN-KS8YM-XU4Z0-2XWR3-AAUM8
 
Tool Versions:
Toolchain:       MDK-ARM Professional  Version: 5.14.0.0
Toolchain Path:  D:\Keil_v5\ARM\ARMCC\Bin
C Compiler:      Armcc.exe V5.05 update 1 (build 106)
Assembler:       Armasm.exe V5.05 update 1 (build 106)
Linker/Locator:  ArmLink.exe V5.05 update 1 (build 106)
Library Manager: ArmAr.exe V5.05 update 1 (build 106)
Hex Converter:   FromElf.exe V5.05 update 1 (build 106)
CPU DLL:         SARMCM3.DLL V5.14.0.0
Dialog DLL:      DCM.DLL V1.13.1.0
Target DLL:      STLink\ST-LINKIII-KEIL_SWO.dll V2.0.14.0_KEIL
Dialog DLL:      TCM.DLL V1.14.4.0
 
<h2>Project:</h2>
D:\BaiduYunDownload\MCore系列SIM800c_AIR208S参考资料-线性电源\3. 程序例程\1. STM32F103标准例程\1. TCP非透传通信 V1.0\Project\RVMDK（uv5）\GPRS_TEST.uvprojx
Project File Date:  03/10/2019

<h2>Output:</h2>
Build target 'tcp_test'
compiling main.c...
compiling tim.c...
compiling gprs_uart2.c...
compiling gprs_at.c...
compiling data_unit.c...
linking...
Program Size: Code=5556 RO-data=336 RW-data=60 ZI-data=2052  
FromELF: creating hex file...
".\Objects\GPRS_TEST.axf" - 0 Error(s), 0 Warning(s).

<h2>Collection of Component include folders:</h2>
  D:\BaiduYunDownload\MCore系列SIM800c_AIR208S参考资料-线性电源\3. 程序例程\1. STM32F103标准例程\1. TCP非透传通信 V1.0\Project\RVMDK（uv5）\RTE
  D:\Keil_v5\ARM\PACK\Keil\STM32F1xx_DFP\2.2.0

<h2>Collection of Component Files used:</h2>
</pre>
</body>
</html>
